// Jest Snapshot v1, https://goo.gl/fbAQLP

exports[`Breed Selector renders correctly 1`] = `
<div
  className="dropdown"
>
  <button
    aria-expanded={false}
    aria-haspopup={true}
    className="dropdown-toggle btn btn-success"
    data-testid="breed_selector"
    disabled={false}
    id="dropdown-basic"
    onClick={[Function]}
    type="button"
  >
    Choose
  </button>
</div>
`;
